	A :  1
	B =>
		a
		b
	C :  3
	D =>
		a :  i
		b :  ii
