	A :  1
	C :  3
	B =>
		a
		b
	D =>
		a :  i
		b :  ii
