This is a test
This is a test with ending spaces     
This is a test with ending tabs				
This is a test2
